Microchip MPLAB XC8 Compiler V2.10 ()

Linker command line:

-W-3 --edf=B:\Program Files\Microchip\xc8\v2.10\pic\dat\en_msgs.txt -cs \
  -h+dist/default/production\EV1527.X.production.sym \
  --cmf=dist/default/production\EV1527.X.production.cmf -z -Q16F630 \
  -oC:\Users\oxygene\AppData\Local\Temp\s77c.2 --defsym=__MPLAB_BUILD=1 \
  -Mdist/default/production/EV1527.X.production.map -E1 -ver=XC8 \
  --acfsm=1493 -ASTACK=04Bh-05Dh -pstack=STACK -ACODE=00h-03FEh \
  -ASTRCODE=00h-03FEh -ASTRING=00h-0FFhx3,0300h-03FEh \
  -ACONST=00h-0FFhx3,0300h-03FEh -AENTRY=00h-0FFhx3,0300h-03FEh \
  -ABANK0=020h-05Dh -ARAM=020h-05Dh -AABS1=020h-05Fh -ACOMMON=05Eh-05Fh \
  -ASFR0=00h-01Fh -ASFR1=080h-0DDh \
  -preset_vec=00h,intentry=04h,init,end_init -ppowerup=CODE -pcinit=CODE \
  -pfunctab=ENTRY -ACONFIG=02007h-02007h -pconfig=CONFIG -DCONFIG=2 \
  -AIDLOC=02000h-02003h -pidloc=IDLOC -DIDLOC=2 -AEEDATA=00h-07Fh/02100h \
  -peeprom_data=EEDATA -DEEDATA=2 -posccal=03FFh -DCODE=2 -DSTRCODE=2 \
  -DSTRING=2 -DCONST=2 -DENTRY=2 -k \
  C:\Users\oxygene\AppData\Local\Temp\s77c.o \
  dist/default/production\EV1527.X.production.o 

Object code version is 3.11

Machine type is 16F630



                Name                               Link     Load   Length Selector   Space Scale
C:\Users\oxygene\AppData\Local\Temp\s77c.o
                end_init                              F        F        1        8       0
                reset_vec                             0        0        1        0       0
                config                             2007     2007        1     400E       0
dist/default/production\EV1527.X.production.o
                cinit                                10       10        9        8       0
                intentry                              4        4        B        8       0
                text7                               290      290       32        8       0
                text6                               2F7      2F7       12        8       0
                text5                               2DE      2DE       19        8       0
                text4                               2C2      2C2       1C        8       0
                text3                               326      326        E      64C       0
                text2                                19       19      23B        8       0
                text1                               309      309        F        8       0
                maintext                            254      254       3C        8       0
                cstackBANK0                          20       20       1B       20       1
                clrtext                             334      334        8      64C       0
                dataBANK0                            4A       4A        1       20       1
                bssBANK0                             3B       3B        D       20       1
                nvBANK0                              48       48        2       20       1
                strings                             318      318        E      630       0

TOTAL           Name                               Link     Load   Length     Space
        CLASS   STACK          

        CLASS   CODE           
                end_init                              F        F        1         0
                cinit                                10       10        9         0
                intentry                              4        4        B         0
                reset_vec                             0        0        1         0
                text7                               290      290       32         0
                text6                               2F7      2F7       12         0
                text5                               2DE      2DE       19         0
                text4                               2C2      2C2       1C         0
                text3                               326      326        E         0
                text2                                19       19      23B         0
                text1                               309      309        F         0
                maintext                            254      254       3C         0
                clrtext                             334      334        8         0

        CLASS   STRCODE        

        CLASS   STRING         
                strings                             318      318        E         0

        CLASS   CONST          

        CLASS   ENTRY          

        CLASS   BANK0          
                cstackBANK0                          20       20       1B         1
                dataBANK0                            4A       4A        1         1
                bssBANK0                             3B       3B        D         1
                nvBANK0                              48       48        2         1

        CLASS   RAM            

        CLASS   ABS1           
                abs_s1                               5E       5E        2         1

        CLASS   COMMON         

        CLASS   SFR0           

        CLASS   SFR1           

        CLASS   CONFIG         
                config                             2007     2007        1         0

        CLASS   IDLOC          

        CLASS   EEDATA         

        CLASS   BANK1          



SEGMENTS        Name                           Load    Length   Top    Selector   Space  Class     Delta

                reset_vec                      000000  000001  000001         0       0  CODE        2
                intentry                       000004  000314  000318         8       0  CODE        2
                cstackBANK0                    000020  00002B  00004B        20       1  BANK0       1
                strings                        000318  00000E  000326       630       0  STRING      2
                text3                          000326  000016  00033C       64C       0  CODE        2
                config                         002007  000001  002008      400E       0  CONFIG      2


UNUSED ADDRESS RANGES

        Name                Unused          Largest block    Delta
        BANK0            004B-005D             13           1
        CODE             0001-0003              3           2
                         033C-03FE             C3
        CONST            0001-0003              3           2
                         033C-03FE             C3
        EEDATA           2100-217F             80           2
        ENTRY            0001-0003              3           2
                         033C-03FE             C3
        IDLOC            2000-2003              4           2
        RAM              004B-005D             13           1
        SFR0             0000-001F             20           1
        SFR1             0080-00DD             5E           1
        STACK            004B-005D             13           1
        STRCODE          0001-0003              3           2
                         033C-03FE             C3
        STRING           0001-0003              3           2
                         033C-03FE             C3

                                  Symbol Table

?_Read_Timer             cstackBANK0  0020
?___wmul                 cstackBANK0  0020
LED_Blink@blinks         cstackBANK0  0023
LED_Blink@i              cstackBANK0  0024
Read_Timer@stat          cstackBANK0  0024
Read_Timer@val           cstackBANK0  0022
Remote@Check             bssBANK0     0045
Remote@Code              bssBANK0     003B
Remote@Data              bssBANK0     0044
Remote@End               cstackBANK0  0032
Remote@Fall              bssBANK0     0042
Remote@Half              cstackBANK0  0030
Remote@Index             bssBANK0     0046
Remote@Notice            cstackBANK0  0031
Remote@Preamble          bssBANK0     0047
Remote@Rise              bssBANK0     0040
Remote@i                 cstackBANK0  0035
Remote@i_104             cstackBANK0  0033
_Direction               dataBANK0    004A
_EEADR                   (abs)        009B
_EECON1                  (abs)        009C
_EECON1bits              (abs)        009C
_EECON2                  (abs)        009D
_EEDATA                  (abs)        009A
_GIE                     (abs)        005F
_INTCON                  (abs)        000B
_INTCONbits              (abs)        000B
_INTF                    (abs)        0059
_IOCA                    (abs)        0096
_LED_Blink               text7        0290
_Mode                    nvBANK0      0049
_OPTION_REG              (abs)        0081
_PIE1                    (abs)        008C
_PORTA                   (abs)        0005
_PORTAbits               (abs)        0005
_PORTC                   (abs)        0007
_RAIF                    (abs)        0058
_Read_Timer              text6        02F7
_Remote                  text2        0019
_Remote$101              cstackBANK0  002E
_STATUS                  (abs)        0003
_STATUSbits              (abs)        0003
_Shift                   strings      031E
_T1CON                   (abs)        0010
_TMR1                    (abs)        000E
_TMR1IF                  (abs)        0060
_TRISA                   (abs)        0085
_TRISC                   (abs)        0087
_Temp                    nvBANK0      0048
_WPUA                    (abs)        0095
__CFG_BOREN$OFF          (abs)        0000
__CFG_CP$OFF             (abs)        0000
__CFG_CPD$OFF            (abs)        0000
__CFG_FOSC$INTRCIO       (abs)        0000
__CFG_MCLRE$OFF          (abs)        0000
__CFG_PWRTE$OFF          (abs)        0000
__CFG_WDTE$OFF           (abs)        0000
__Habs1                  abs1         07FE
__Hbank0                 bank0        07FE
__Hbank1                 bank1        07FE
__HbssBANK0              bssBANK0     07FE
__Hcinit                 cinit        0019
__Hclrtext               clrtext      07FE
__Hcode                  code         07FE
__Hcommon                common       07FE
__Hconfig                config       2008
__HcstackBANK0           cstackBANK0  07FE
__HcstackCOMMON          cstackCOMMON 07FE
__HdataBANK0             dataBANK0    07FE
__Heeprom_data           eeprom_data  0000
__Hend_init              end_init     0010
__Hfunctab               functab      0000
__HidataBANK0            idataBANK0   07FE
__Hidloc                 idloc        0000
__Hinit                  init         000F
__Hintentry              intentry     000F
__Hmaintext              maintext     07FE
__HnvBANK0               nvBANK0      07FE
__Hosccal                osccal       03FF
__Hpowerup               powerup      0000
__Hram                   ram          07FE
__Hreset_vec             reset_vec    0001
__Hsfr0                  sfr0         07FE
__Hsfr1                  sfr1         07FE
__Hspace_0               (abs)        2008
__Hspace_1               (abs)        07FE
__Hspace_2               (abs)        0000
__Hspace_3               (abs)        0000
__Hstack                 stack        0000
__Hstrings               strings      07FE
__Htext                  text         07FE
__Labs1                  abs1         07FE
__Lbank0                 bank0        07FE
__Lbank1                 bank1        07FE
__LbssBANK0              bssBANK0     07FE
__Lcinit                 cinit        0010
__Lclrtext               clrtext      07FE
__Lcode                  code         07FE
__Lcommon                common       07FE
__Lconfig                config       2007
__LcstackBANK0           cstackBANK0  07FE
__LcstackCOMMON          cstackCOMMON 07FE
__LdataBANK0             dataBANK0    07FE
__Leeprom_data           eeprom_data  0000
__Lend_init              end_init     000F
__Lfunctab               functab      0000
__LidataBANK0            idataBANK0   07FE
__Lidloc                 idloc        0000
__Linit                  init         000F
__Lintentry              intentry     0004
__Lmaintext              maintext     07FE
__LnvBANK0               nvBANK0      07FE
__Losccal                osccal       03FF
__Lpowerup               powerup      0000
__Lram                   ram          07FE
__Lreset_vec             reset_vec    0000
__Lsfr0                  sfr0         07FE
__Lsfr1                  sfr1         07FE
__Lspace_0               (abs)        0000
__Lspace_1               (abs)        0000
__Lspace_2               (abs)        0000
__Lspace_3               (abs)        0000
__Lstack                 stack        0000
__Lstrings               strings      07FE
__Ltext                  text         07FE
__S0                     (abs)        2008
__S1                     (abs)        004B
__S2                     (abs)        0000
__S3                     (abs)        0000
___int_sp                stack        0000
___latbits               (abs)        0000
___osccal_val            osccal       03FF
___sp                    stack        0000
___stackhi               (abs)        0000
___stacklo               (abs)        0000
___wmul                  text5        02DE
___wmul@multiplicand     cstackBANK0  0022
___wmul@multiplier       cstackBANK0  0020
___wmul@product          cstackBANK0  0024
__end_of_LED_Blink       text7        02C2
__end_of_Read_Timer      text6        0309
__end_of_Remote          text2        0254
__end_of_Shift           strings      0326
__end_of___wmul          text5        02F7
__end_of__initialization cinit        0017
__end_of__stringtab      strings      031E
__end_of_eeprom_read     text1        0318
__end_of_eeprom_write    text4        02DE
__end_of_main            maintext     0290
__end_ofi1_eeprom_read   text3        0334
__initialization         cinit        0010
__pbssBANK0              bssBANK0     003B
__pcstackBANK0           cstackBANK0  0020
__pcstackCOMMON          cstackCOMMON 0000
__pdataBANK0             dataBANK0    004A
__pidataBANK0            idataBANK0   0000
__pintentry              intentry     0004
__pmaintext              maintext     0254
__pnvBANK0               nvBANK0      0048
__pstrings               strings      0318
__ptext1                 text1        0309
__ptext2                 text2        0019
__ptext3                 text3        0326
__ptext4                 text4        02C2
__ptext5                 text5        02DE
__ptext6                 text6        02F7
__ptext7                 text7        0290
__size_of_LED_Blink      (abs)        0000
__size_of_Read_Timer     (abs)        0000
__size_of_Remote         (abs)        0000
__size_of___wmul         (abs)        0000
__size_of_eeprom_read    (abs)        0000
__size_of_eeprom_write   (abs)        0000
__size_of_main           (abs)        0000
__size_ofi1_eeprom_read  (abs)        0000
__stringbase             strings      031D
__stringtab              strings      0318
_eeprom_read             text1        0309
_eeprom_write            text4        02C2
_main                    maintext     0254
btemp                    (abs)        005E
clear_ram0               clrtext      0334
eeprom_read@addr         cstackBANK0  0037
eeprom_write@addr        cstackBANK0  0021
eeprom_write@value       cstackBANK0  0020
end_of_initialization    cinit        0017
i1_eeprom_read           text3        0326
i1eeprom_read@addr       cstackBANK0  0020
interrupt_function       intentry     0004
intlevel0                functab      0000
intlevel1                functab      0000
intlevel2                functab      0000
intlevel3                functab      0000
intlevel4                functab      0000
intlevel5                functab      0000
reset_vec                reset_vec    0000
saved_w                  (abs)        005E
start                    init         000F
start_initialization     cinit        0010
wtemp0                   (abs)        005E


FUNCTION INFORMATION:

 *************** function _main *****************
 Defined at:
		line 203 in file "main.c"
 Parameters:    Size  Location     Type
		None
 Auto vars:     Size  Location     Type
		None
 Return value:  Size  Location     Type
                  1    wreg      void 
 Registers used:
		wreg, status,2, status,0, pclath, cstack
 Tracked objects:
		On entry : 
		On exit  : 
		Unchanged: 
 Data sizes:     COMMON   BANK0
      Params:         0       0
      Locals:         0       0
      Temps:          0       3
      Totals:         0       3
Total ram usage:        3 bytes
 Hardware stack levels required when called:    3
 This function calls:
		_eeprom_read
 This function is called by:
		Startup code after reset
 This function uses a non-reentrant model


 *************** function _eeprom_read *****************
 Defined at:
		line 6 in file "B:\Program Files\Microchip\xc8\v2.10\pic\sources\c90\pic\__eeread.c"
 Parameters:    Size  Location     Type
  addr            1    wreg     unsigned char 
 Auto vars:     Size  Location     Type
  addr            1   23[BANK0 ] unsigned char 
 Return value:  Size  Location     Type
                  1    wreg      unsigned char 
 Registers used:
		wreg, status,2, status,0
 Tracked objects:
		On entry : 
		On exit  : 
		Unchanged: 
 Data sizes:     COMMON   BANK0
      Params:         0       0
      Locals:         0       1
      Temps:          0       0
      Totals:         0       1
Total ram usage:        1 bytes
 Hardware stack levels used:    1
 Hardware stack levels required when called:    2
 This function calls:
		Nothing
 This function is called by:
		_main
 This function uses a non-reentrant model


 *************** function _Remote *****************
 Defined at:
		line 60 in file "main.c"
 Parameters:    Size  Location     Type
		None
 Auto vars:     Size  Location     Type
  i               2   19[BANK0 ] int 
  i               2   21[BANK0 ] int 
  Half            1   16[BANK0 ] unsigned char 
  End             1   18[BANK0 ] unsigned char 
  Notice          1   17[BANK0 ] unsigned char 
 Return value:  Size  Location     Type
                  1    wreg      void 
 Registers used:
		wreg, fsr0l, fsr0h, status,2, status,0, btemp+1, pclath, cstack
 Tracked objects:
		On entry : 
		On exit  : 
		Unchanged: 
 Data sizes:     COMMON   BANK0
      Params:         0       0
      Locals:         0       9
      Temps:          0       8
      Totals:         0      17
Total ram usage:       17 bytes
 Hardware stack levels used:    1
 Hardware stack levels required when called:    1
 This function calls:
		_LED_Blink
		_Read_Timer
		___wmul
		_eeprom_write
		i1_eeprom_read
 This function is called by:
		Interrupt level 1
 This function uses a non-reentrant model


 *************** function i1_eeprom_read *****************
 Defined at:
		line 6 in file "B:\Program Files\Microchip\xc8\v2.10\pic\sources\c90\pic\__eeread.c"
 Parameters:    Size  Location     Type
  addr            1    wreg     unsigned char 
 Auto vars:     Size  Location     Type
  addr            1    0[BANK0 ] unsigned char 
 Return value:  Size  Location     Type
                  1    wreg      unsigned char 
 Registers used:
		wreg, status,2, status,0
 Tracked objects:
		On entry : 
		On exit  : 
		Unchanged: 
 Data sizes:     COMMON   BANK0
      Params:         0       0
      Locals:         0       1
      Temps:          0       0
      Totals:         0       1
Total ram usage:        1 bytes
 Hardware stack levels used:    1
 This function calls:
		Nothing
 This function is called by:
		_Remote
 This function uses a non-reentrant model


 *************** function _eeprom_write *****************
 Defined at:
		line 6 in file "B:\Program Files\Microchip\xc8\v2.10\pic\sources\c90\pic\__eewrite.c"
 Parameters:    Size  Location     Type
  addr            1    wreg     unsigned char 
  value           1    0[BANK0 ] unsigned char 
 Auto vars:     Size  Location     Type
  addr            1    1[BANK0 ] unsigned char 
 Return value:  Size  Location     Type
                  1    wreg      void 
 Registers used:
		wreg, status,2, status,0
 Tracked objects:
		On entry : 
		On exit  : 
		Unchanged: 
 Data sizes:     COMMON   BANK0
      Params:         0       1
      Locals:         0       1
      Temps:          0       0
      Totals:         0       2
Total ram usage:        2 bytes
 Hardware stack levels used:    1
 This function calls:
		Nothing
 This function is called by:
		_Remote
 This function uses a non-reentrant model


 *************** function ___wmul *****************
 Defined at:
		line 15 in file "B:\Program Files\Microchip\xc8\v2.10\pic\sources\c90\common\Umul16.c"
 Parameters:    Size  Location     Type
  multiplier      2    0[BANK0 ] unsigned int 
  multiplicand    2    2[BANK0 ] unsigned int 
 Auto vars:     Size  Location     Type
  product         2    4[BANK0 ] unsigned int 
 Return value:  Size  Location     Type
                  2    0[BANK0 ] unsigned int 
 Registers used:
		wreg, status,2, status,0
 Tracked objects:
		On entry : 
		On exit  : 
		Unchanged: 
 Data sizes:     COMMON   BANK0
      Params:         0       4
      Locals:         0       2
      Temps:          0       0
      Totals:         0       6
Total ram usage:        6 bytes
 Hardware stack levels used:    1
 This function calls:
		Nothing
 This function is called by:
		_Remote
 This function uses a non-reentrant model


 *************** function _Read_Timer *****************
 Defined at:
		line 47 in file "main.c"
 Parameters:    Size  Location     Type
		None
 Auto vars:     Size  Location     Type
  val             2    2[BANK0 ] unsigned int 
  stat            1    4[BANK0 ] unsigned char 
 Return value:  Size  Location     Type
                  2    0[BANK0 ] unsigned int 
 Registers used:
		wreg, status,2
 Tracked objects:
		On entry : 
		On exit  : 
		Unchanged: 
 Data sizes:     COMMON   BANK0
      Params:         0       2
      Locals:         0       3
      Temps:          0       0
      Totals:         0       5
Total ram usage:        5 bytes
 Hardware stack levels used:    1
 This function calls:
		Nothing
 This function is called by:
		_Remote
 This function uses a non-reentrant model


 *************** function _LED_Blink *****************
 Defined at:
		line 38 in file "main.c"
 Parameters:    Size  Location     Type
  blinks          1    wreg     unsigned char 
 Auto vars:     Size  Location     Type
  blinks          1    3[BANK0 ] unsigned char 
  i               2    4[BANK0 ] int 
 Return value:  Size  Location     Type
                  1    wreg      void 
 Registers used:
		wreg, status,2, status,0
 Tracked objects:
		On entry : 
		On exit  : 
		Unchanged: 
 Data sizes:     COMMON   BANK0
      Params:         0       0
      Locals:         0       3
      Temps:          0       3
      Totals:         0       6
Total ram usage:        6 bytes
 Hardware stack levels used:    1
 This function calls:
		Nothing
 This function is called by:
		_Remote
 This function uses a non-reentrant model



MODULE INFORMATION

Module		Function		Class		Link	Load	Size
B:\Program Files\Microchip\xc8\v2.10\pic\sources\c90\common\Umul16.c
		___wmul        		CODE           	02DE	0000	26

B:\Program Files\Microchip\xc8\v2.10\pic\sources\c90\common\Umul16.c estimated size: 26

B:\Program Files\Microchip\xc8\v2.10\pic\sources\c90\pic\__eewrite.c
		_eeprom_write  		CODE           	02C2	0000	29

B:\Program Files\Microchip\xc8\v2.10\pic\sources\c90\pic\__eewrite.c estimated size: 29

shared
		__stringtab    		STRING         	0318	0000	7
		_Shift         		STRING         	031E	0000	9
		__initialization		CODE           	0010	0000	8
		i1_eeprom_read 		CODE           	0326	0000	15

shared estimated size: 39

main.c
		_Remote        		CODE           	0019	0000	572
		_LED_Blink     		CODE           	0290	0000	51
		_main          		CODE           	0254	0000	61
		_Read_Timer    		CODE           	02F7	0000	19

main.c estimated size: 703

B:\Program Files\Microchip\xc8\v2.10\pic\sources\c90\pic\__eeread.c
		_eeprom_read   		CODE           	0309	0000	16

B:\Program Files\Microchip\xc8\v2.10\pic\sources\c90\pic\__eeread.c estimated size: 16

